[http://www.ag-csw.de/ontologies/gewuerz#Wurzelpetersilie, http://www.ag-csw.de/ontologies/gewuerz#Blattpetersilie]
[]
