[]
[http://www.ag-csw.de/ontologies/gewuerz#Sommerzwiebel]
